// Block

// Social Networks / Messengers

// Private Messengers
signal.org
threema.ch
simplex.chat
simplex.im

// Chats / Forums
iichan.hk
rf.dobrochan.net
forum.ru-board.com
lolz.guru
sklatchiki.ru
f95-zone.to

// Social Networks
linkedin.com
licdn.com
quora.com
quora.com.cdn.cloudflare.net
medium.com
soundcloud.com
viber.com
webtoons.com

// VPN / Anti-Censorship
vpnlove.me
redshieldvpn.com
psiphon.ca
vpngate.net
mullvad.net
censortracker.org
prostovpn.org
vpngen.org
amnezia.org
cyberghostvpn.com
getoutline.org
vpnpay.io
protonvpn.com
surfshark.com
showip.net
4freerussia.org
botnadzor.org

// Torrent Sites / Trackers
nnmclub.to
nnmstatic.win
kinozal.guru
kinozal.me
kinozal.tv
rutor.org
rutor.info
rutor.is
rutracker.org
rutracker.net
rutracker.wiki
rutracker.cc
torrentgalaxy.to
filmitorrent.net
fast-torrent.club
selezen.org
booktracker.org
riperam.org
megapeer.vip
megapeer.ru
piratbit.top
1337x.to
btdig.com

// Cloud Storage / File Sharing
gofile.io
archive.ph
rentry.co
zbigz.com
annas-archive.org
flibusta.is
flibusta.net
sci-hub.se
sci-hub.st
libgen.li
archiveofourown.org

// Email / Anonymous Mail
mailo.com
cock.li
mailfence.com
proton.me
tuta.com
tuta.io
10minutemail.com

// Web Development / IT
pages.dev
leafletjs.com
designify.com
ntc.party
dpidetector.org
notepad-plus-plus.org
linear.app
lucid.app
quickconnect.to
render-state.to
startpage.com
searchfloor.org
statology.org

// Video / Streaming / Content
liveuamap.com
iptv.online
kinogo.uk
kinogo.ec
filmix.ac
filmix.biz
filmix.fm
filmix.day
filmix.la
api.service-kp.com
kino.pub
lostfilm.tv
lostfilmtv2.site
static.lostfilm.top
anidub.com
hdkinoteatr.com
le-production.tv
pimpletv.ru
knews.kg
ilook.tv
livetv.sx
prnt.sc

// Education / Science
coursera.org
nih.gov
iedb.org
opensanctions.org
refactoring.guru
interactivebrokers.co.uk
wilsoncenter.org
carnegieendowment.org
academy.terrasoft.ua
navalny.com
edu-cisco.org
seasonvar.ru
bestchange.ru

// Finance / Cryptocurrency
okx.com
coinpayments.net
decrypt.day
polymarket.com
coinsbee.com
5sim.net
cbilling.vip
cbilling.eu

// E-commerce / Marketplaces
temu.com
allegro.pl
kupujemprodajem.com
depositphotos.com
deviantart.com
patreon.com
shiza-project.com
aol.com
capcut.com
chess.com
digikey.com

// Hosting / Domains
hostgator.com
networksolutions.com
dreamhost.com
bluehost.com
ionos.com
digitalocean.com
godaddy.com
hetzner.com
adminforge.de
ukr.net
ukrtelcdn.net
as6723.net

// Search Engines / Indexing
startpage.com
searchfloor.org

// News / Media Outlets
gagadget.com
vice.com
flipboard.com
mashable.com
ign.com
neformat.com.ua
baikal-journal.ru
deepstatemap.live
rublacklist.net

// Analytics / SEO / Marketing
ahrefs.com
zendesk.com
clickup.com
olx.ua
saverudata.net

// Security / Antivirus
malwarebytes.com
adguard.com
avira.com
trellix.com

// Music / Audio
musixmatch.com
more.fm
trueblackmetalradio.com
novaline.fm
bcbits.com

// Other
onlinesim.io
linktr.ee
spreadthesign.com
simplix.info
amdm.ru
sap.com
infineon.com
squietpc.com
element14.com
baginya.org
kamatera.com
exler.ru
forklog.com
nhl.com
windows10spotlight.com
epidemz.net.co
ohmyswift.ru
privatekeys.pw
abook-club.ru
knowyourmeme.com
kym-cdn.com
goodreads.com
gr-assets.com
freedomletters.org
babook.org