// Game

// Supercell
supercell.com
clashofclans.com
brawlstarsgame.com
clashroyaleapp.com
squadbustersgame.com

// Nintendo
nintendo.net
nintendo.com
nintendo.co.jp
accounts.nintendo.com
account.nintendo.net
id.nintendo.net
ecs.nintendo.com
eshop.nintendo.net
ccs.cdn.wup.shop.nintendo.net
atum.hac.lp1.d4c.nintendo.net
api.lp1.av5ja.srv.nintendo.net
api.lp1.pctl.srv.nintendo.net

// Xbox / Microsoft
xboxlive.com
xbox.com
account.xbox.com
login.live.com
login.microsoftonline.com
store.xbox.com
assets.xboxlive.com
profiles.xboxlive.com
social.xboxlive.com
titlehub.xboxlive.com
gameclipsmetadata.xboxlive.com
notify.xboxlive.com
userpresence.xboxlive.com
xsts.auth.xboxlive.com
microsoft.com
microsoftonline.com
live.com
windows.com
msftncsi.com
vortex.data.microsoft.com
settings-win.data.microsoft.com

// Ubisoft / Ubisoft Connect
ubisoft.com
ubisoftconnect.com
uplay.com
uplay.ubisoft.com
connect.ubisoft.com
public-ubiservices.ubi.com
prod.public-ubiservices.ubi.com
session.ubisoft.com
account.ubisoft.com
account-public-service-prod.ol.epicgames.com
static2.cdn.ubi.com
static3.cdn.ubi.com
static4.cdn.ubi.com
ubistatic3-a.akamaihd.net
ubistatic-a.akamaihd.net
ubi.com

// Game Platforms
steamstat.info
gamesrepack.com
gamedistribution.com
steamdb.info
anivisual.net
itch.io
