// Service

// Google
googleplay.com
play-fe.googleapis.com
play-games.googleusercontent.com
play-lh.googleusercontent.com
play.google.com
play.googleapis.com
lh3.googleusercontent.com
connectivitycheck.gstatic.com
android.clients.google.com
prod-lt-playstoregatewayadapter-pa.googleapis.com
beacons.gvt2.com
gvt1.com

// X
ads-twitter.com
cms-twdigitalassets.com
periscope.tv
pscp.tv
t.co
tellapart.com
tweetdeck.com
twimg.com
twitpic.com
twitter.biz
twitter.com
twitter.jp
twittercommunity.com
twitterflightschool.com
twitterinc.com
twitteroauth.com
twitterstat.us
twtrdns.net
twttr.com
twttr.net
twvid.com
vine.co
x.com

// Meta
instagram.com
ig.me
facebook.com
facebook.net
cdninstagram.com
fbcdn.net
fbsbx.com
internalfb.com
oculus.com
meta.com
threads.net
fb.com

// LK
linkedin.com
licdn.com

// Notion
notion.so
notion.com
notion.new
notion.site
notion-static.com

// JetBrains
jetbrains.com
myjetbrains.com
jetbrains.space
api.jetbrains.ai
youtrack.cbf-team.ru

// Microsot
designer.microsoft.com
xsts.auth.xboxlive.com

// VMWare
vmware.com
download3.omnissa.com
omnissa.com

// Canva
canva.dev
canva.com

// Intel
intel.com
intel.de
intel.nl

// Zoe
zoeapp.co
login.zoe-app.com
help.zoe-app.com
blog.zoe-app.com
media.zoe-app.com
api.zoe-app.com
dashboard.zoe-app.com
web.zoe-app.com
cdn.zoe-app.com
static.zoe-app.com
notifications.zoe-app.com
admin.zoe-app.com
events.zoe-app.com
terms.zoe-app.com
privacy.zoe-app.com

// Her
weareher.com
her.app
www.herapp.com
m.herapp.com
login.herapp.com
help.herapp.com
blog.herapp.com
jobs.herapp.com
press.herapp.com
api.herapp.com
api-staging.herapp.com
her-login.com
herdatingapp.com
her-official.com
her-app.com
her.net
her.mobi

// Hornet
login.hornet.com
app.hornet.com
web.hornet.com
api.hornet.com
support.hornet.com
help.hornet.com
blog.hornet.com
press.hornet.com
jobs.hornet.com
media.hornet.com
cdn.hornet.com
static.hornet.com
notifications.hornet.com
dashboard.hornet.com
terms.hornet.com
privacy.hornet.com

// DeepL
*.deepl.com
deepl.com
www.deepl.com
api.deepl.com
api-free.deepl.com

// Other
f95-zone.to
proton.me
spotify.com
tidal.com
elgato.com

// Autodesk
*.autodesk.com
*.autodesk.eu
*.plangrid.be
*.plangrid.com
*.planfront.com
*.cloudfront.net
*.launchdarkly.com
*.segment.com
*.segment.io
*.bugsnag.com
*.solvvy.com
*.fullstory.com
*.newrelic.com
*.nr-data.net
*.pendo.io
https://plangrid.my.site.com
https://u7990385.ct.sendgrid.net
*.dynatrace.com 
