// Service

// Google
googleplay.com
play-fe.googleapis.com
play-games.googleusercontent.com
play-lh.googleusercontent.com
play.google.com
play.googleapis.com
lh3.googleusercontent.com
connectivitycheck.gstatic.com
android.clients.google.com
prod-lt-playstoregatewayadapter-pa.googleapis.com
beacons.gvt2.com
gvt1.com

// X
ads-twitter.com
cms-twdigitalassets.com
periscope.tv
pscp.tv
t.co
tellapart.com
tweetdeck.com
twimg.com
twitpic.com
twitter.biz
twitter.com
twitter.jp
twittercommunity.com
twitterflightschool.com
twitterinc.com
twitteroauth.com
twitterstat.us
twtrdns.net
twttr.com
twttr.net
twvid.com
vine.co
x.com

// Meta
instagram.com
ig.me
facebook.com
facebook.net
cdninstagram.com
fbcdn.net
fbsbx.com
internalfb.com
oculus.com
meta.com
threads.net
fb.com

// LK
linkedin.com
licdn.com

// Notion
notion.so
notion.com
notion.new
notion.site
notion-static.com

// JetBrains
jetbrains.com
myjetbrains.com
jetbrains.space
api.jetbrains.ai
youtrack.cbf-team.ru

// Microsot
designer.microsoft.com
xsts.auth.xboxlive.com

// VMWare
vmware.com
download3.omnissa.com
omnissa.com

// Canva
canva.dev
canva.com

// Intel
intel.com
intel.de
intel.nl

// Other
f95-zone.to
proton.me