// Movie

// Youtube
youtube.com
ytimg.com
yting.com
ggpht.com
googlevideo.com
youtubekids.com
youtu.be
youtube-nocookie.com
wide-youtube.l.google.com
ytimg.l.google.com
youtubei.googleapis.com
youtubeembeddedplayer.googleapis.com
youtube-ui.l.google.com
yt-video-upload.l.google.com
jnn-pa.googleapis.com
returnyoutubedislikeapi.com

// HDrezka
hdrezka.ag
hdrezka.ac
hdrezka.me
hd-rezka.tv
voidboost.cc
rezka.ag
rezka.my
rezkify.com
rezka-ua.in

// Netflix
fast.com
netflix.ca
netflix.com
netflix.net
netflixinvestor.com
netflixtechblog.com
nflxext.com
nflximg.com
nflximg.net
nflxsearch.net
nflxso.net
nflxvideo.net

// TikTok
tiktok.com
tiktok.net
v.tiktok.net
tiktokcdn.com
tiktokv.com
v.tiktok.com
musica.ly
muscdn.com
musemuse.cn
ibyteimg.com
p16-tiktokcdn-com.akamaized.net
tiktok.com.c.footprint.net
tiktokcdn.com.c.worldfcdn.com
tiktokcdn.com.wsdvs.com
tiktokcdn.liveplay.myqcloud.com
byteoversea.com
bytecdn.cn
byted.org
ibytedtos.com

// TMDB
theaudiodb.com
themoviedb.org
tmdb.org
tmdb.com
image.tmdb.org
api.themoviedb.org
tmdb-image-prod.b-cdn.net

// Disney+
disneyplus.com
hbomax.com

// Other
cub.red
max.com
